No "write_to_file" string found
=== Xui component ===
,Xui=({status:e,step:t,metadata:r})=>{let{workspaceInfo:n,chatParams:{artifactsDir:a}}=Gn(),i=r?.sourceTrajectoryStepInfo,s=t.directoryPathUri,o=RV(s,n.homeDir,n.workspaceUris),u=Oe(()=>uq(s,a),[s,a]);return A(tl,{loading:Xa(e),title:A("div",{className:"flex flex-row items-center gap-1",children:[A("span",{className:"shrink-0 opacity-70",children:"Analyzed"}),M2e(u)?A(O0,{fileUri:s}):A(O0,{fileUri:s,isDirectory:!0,children:o})]}),supplementaryView:i&&t.filePermissionRequest&&e===Da.WAITING?A(Eee,{sourceTrajectoryStepInfo:i,req:t.filePermissionRequest,status:e}):null,cta:null})},Brn=3,Lui=({ste

=== qci component ===
,qci=({step:e,status:t,metadata:r})=>{let n=e.absolutePathUri,a=e.startLine,i=e.endLine,{chatParams:{artifactsDir:s}}=Gn(),o=cq(uq(n,s))?A("span",{children:r?.toolSummary??"Analyzed Task Log"}):A("div",{className:"flex flex-row items-center gap-1 overflow-hidden whitespace-nowrap",children:[A("span",{className:"shrink-0",children:"Analyzed"}),A("div",{className:"flex items-center overflow-hidden",children:A(O0,{fileUri:n,startLine:a,endLine:i})})]});return A(tl,{loading:Xa(t),title:o,supplementaryView:r?.sourceTrajectoryStepInfo&&e.filePermissionRequest&&t===Da.WAITING?A(Eee,{sourceTrajectoryS

=== edi component ===
,edi=({status:e,step:t,metadata:r})=>{let n=t.absolutePathUri,{chatParams:{artifactsDir:a}}=Gn(),i=cq(uq(n,a))?A("span",{children:r?.toolSummary??"Analyzed Task Log"}):A("div",{className:"flex flex-row items-center gap-1 overflow-hidden whitespace-nowrap",children:[A("p",{children:"Analyzed"}),A("div",{className:"overflow-hidden",children:A(O0,{fileUri:n,children:CB(n)})})]});return A(tl,{loading:Xa(e),title:i,cta:null,supplementaryView:r?.sourceTrajectoryStepInfo&&t.filePermissionRequest&&e===Da.WAITING?A(Eee,{sourceTrajectoryStepInfo:r.sourceTrajectoryStepInfo,req:t.filePermissionRequest,sta

=== zci component ===
,zci=({status:e,step:t,metadata:r})=>{let n=Oe(()=>t.ccis.filter(o=>o.nodeName!==""),[t]),a=Xa(e),i=r?.sourceTrajectoryStepInfo,s=e===Da.WAITING&&i?A(Eee,{sourceTrajectoryStepInfo:i,req:t.filePermissionRequest,status:e}):n.length===1?null:A(Qci,{step:t});return A(tl,{loading:a,title:A("div",{className:"flex flex-row items-center gap-1 overflow-hidden whitespace-nowrap",children:A(Kci,{step:t})}),cta:null,supplementaryView:s})},Hci=({step:e,status:t})=>{let{stepHandler:r}=Gn(),n=ms(),a=e.croppedItem?.chunks.at(0),i=Oe(()=>{if(a?.chunkType.case==="markdownChunk"){let d=a.chunkType.value.headers.


=== fullFile case context ===
A(Nut,{})]})}):null},smi=({artifactUris:e})=>{let{cascadeContext:t,stepHandler:r}=Gn(),n=zQa(),a=ye((s,o)=>{r?.openFile(s,void 0,void 0,!1,{event:o})},[r]),i=ye(s=>{let o=[$t(w$,{artifactUri:s,scope:{case:"fullFile",value:{}},approvalStatus:yA.APPROVED,comment:""})];t.events.sendMessage(void 0,{sendMessageType:"NOTIFY_USER_PROCEED",artifactComments:o})},[t.events]);return e.length===0?null:A("div",{className:"flex flex-col gap-1.5 py-1",children:e.map(s=>{let o=t?.events.getArtifactMetadata(s),u=o?.artifactType===Yy.IMPLEMENTATION_PLAN,d=o?.summary;return A("div",{className:Ot("border border-gray-500/20 p-2 my-0.5 rounded-lg transition-colors flex flex-col gap-2 items-start select-none",!u&&
